// Jest Snapshot v1, https://goo.gl/fbAQLP

exports[`renders correctly 1`] = `
<styled.div>
  <Title
    title="Github Search | Login"
  />
  <GithubAuth />
</styled.div>
`;
