// Jest Snapshot v1, https://goo.gl/fbAQLP

exports[`renders correctly 1`] = `
<styled.div>
  <h2>
    0
     User Results
  </h2>
  <Pagination
    currentPage={0}
    itemsLength={0}
    maxItemPerPage={10}
    setCurrentPage={[Function]}
  />
</styled.div>
`;
